%%stdout%%
@array [
0 => @int 2
1 => @int 4
2 => @int 6
3 => @int 8
]
@array [
0 => @string 'f'
1 => @string 'b'
2 => @string 'b'
]
@array [
0 => @bool true
1 => @bool false
]
@array [
0 => @bool true
1 => @bool false
]
%%stderr%%
