%%stdout%%
@object <UnknownCommandError> [
command <public,non-static,non-constant>: @string 'print'
]
%%stderr%%
