0x800c20

0x800cb0

Uncaught exception of type TypeError: Invalid base object for "String.length": Null
