%%stdout%%
f
o
o
b
a
r
b
a
z
zabraboof
%%stderr%%
