%%stdout%%
<ConstError: Cannot set constant member foo in object of type Class: (class <Foo>)>
10
%%stderr%%
