%%stdout%%
%%stderr%%
Uncaught exception of type UnknownCommandError: <UnknownCommandError: Unknown command: bfind>
