NameError!
Finally!
inner UnknownCommandError
NameError!
Finally done
