a
b
Incorrect argument count for function: expected 2, got 1: EH runtime error
