%%stdout%%
1
2
got to the end!
3
got to the end!
4
got to the end!
5
got to the end!
6
0
1
2
got to the end!
3
got to the end!
4
got to the end!
5
got to the end!
%%stderr%%
