%%stdout%%
Too few arguments!
Too many arguments!
Exactly the right number of arguments!
%%stderr%%
