3
syntax error, unexpected T_SEPARATOR: EH parsing error
2
