3
Cannot set constant member foo in object of type Function: func: -> <user code>
3
5
@object <Bar> [
compare <public,non-static,non-constant>: @function <library>: 
finalize <public,non-static,non-constant>: @function <library>: 
inherit <public,non-static,non-constant>: @function <library>: 
initialize <public,non-static,non-constant>: @function <library>: 
isA <public,non-static,non-constant>: @function <library>: 
mah <public,non-static,non-constant>: @int 42
new <public,non-static,non-constant>: @function <library>: 
operator_compare <public,non-static,non-constant>: @function <library>: 
operator_equals <public,non-static,non-constant>: @function <library>: 
operator_gt <public,non-static,non-constant>: @function <library>: 
operator_gte <public,non-static,non-constant>: @function <library>: 
operator_lt <public,non-static,non-constant>: @function <library>: 
operator_lte <public,non-static,non-constant>: @function <library>: 
operator_ne <public,non-static,non-constant>: @function <library>: 
toString <public,non-static,non-constant>: @function <library>: 
]
