Uncaught exception of type Exception: oh no! something horrible happened
