%%stdout%%
Map
@array [
0 => @int 3
1 => @int 3
2 => @int 4
]
Reduce
@int 3
Iterate
foo
bar
quux
Filter
@array [
2 => @string 'quux'
]
%%stderr%%
