%%stdout%%
@tuple <2> [
	@int 0
	@int 1
]
@tuple <2> [
	@int 1
	@int 2
]
@array [
	0 => @int 1
]
@array [
	0 => @int 1
	1 => @int 2
]
@int 42
@int 43
@int 44
@int 45
%%stderr%%
