%%stdout%%
@int 3
%%stderr%%
Uncaught exception of type ArgumentError: <ArgumentError: Argument out of range (method Tuple.operator->): 3>
