1::2::3::[]
3
2::4::6::[]
6
3::2::1::[]
1::2::3::4::[]
4::2::3::1::1::[]
