%%stdout%%
D
A of 2
B of 3
Other B of 4
%%stderr%%
