%%stdout%%
@extended tuple <2> [
	@int 3
	@int 4
	"foo": @string "bar"
]
%%stderr%%
