Incorrect argument count for function printvar: expected 1, got 0: EH runtime error
(null)
Incorrect argument count for function is_int: expected 1, got 0: EH runtime error
(null)
