%%stdout%%
#!/usr/bin/ehi
# New as a method
class Foo; end
printvar(Foo.new ())

%%stderr%%
