%%stdout%%
executing
%%stderr%%
Uncaught exception of type RuntimeError: <RuntimeError: Expected a null value to be assigned to null>
