@int 0
@int 1
@array [
0 => @int 42
]
@int 42
@array [
0 => @int 42
]
Uncaught exception of type String: Stack empty
