%%stdout%%
false
true
bar::baz::foo::[]
%%stderr%%
