%%stdout%%
@tuple <2> [
@int 1
@int 2
]
@tuple <2> [
@int 4
@bool true
]
%%stderr%%
