%%stdout%%
@object <Tuple> [
]
@int 3
@bool true
@int 1
@string 'true'
@bool false
@object <Tuple> [
]
%%stderr%%
