Binary and with 2
Binary xor with 3
Binary or with 4
Binary negation
Unary minus
Negation
