Unsupported type object for typecast to string: EH notice
@object <AnonymousClass> [
]
