2
Incorrect argument count for function: expected 0, got 1: EH fatal error
